******************************************************************************
                  TI ARM Linker PC v20.2.7                     
******************************************************************************
>> Linked Tue Jan 16 19:17:17 2024

OUTPUT FILE NAME:   <AUTOSAR_Project.out>
ENTRY POINT SYMBOL: "_c_int00_noargs"  address: 000008f1


MEMORY CONFIGURATION

         name            origin    length      used     unused   attr    fill
----------------------  --------  ---------  --------  --------  ----  --------
  FLASH                 00000000   00040000  000009aa  0003f656  R  X
  SRAM                  20000000   00008000  00000210  00007df0  RW X


SEGMENT ALLOCATION MAP

run origin  load origin   length   init length attrs members
----------  ----------- ---------- ----------- ----- -------
00000000    00000000    000009b0   000009b0    r-x
  00000000    00000000    0000026c   0000026c    r-- .intvecs
  0000026c    0000026c    0000071a   0000071a    r-x .text
  00000986    00000986    00000004   00000004    r-- .const
  00000990    00000990    00000020   00000020    r-- .cinit
20000000    20000000    00000210   00000000    rw-
  20000000    20000000    00000200   00000000    rw- .stack
  20000200    20000200    00000010   00000000    rw- .data


SECTION ALLOCATION MAP

 output                                  attributes/
section   page    origin      length       input sections
--------  ----  ----------  ----------   ----------------
.intvecs   0    00000000    0000026c     
                  00000000    0000026c     tm4c123gh6pm_startup_ccs.obj (.intvecs)

.text      0    0000026c    0000071a     
                  0000026c    0000030c     Dio.obj (.text)
                  00000578    000000a8     Os.obj (.text)
                  00000620    0000009c     rtsv7M4_T_le_v4SPD16_eabi.lib : memcpy_t2.asm.obj (.text)
                  000006bc    0000007c     Button.obj (.text)
                  00000738    0000007c     Gpt.obj (.text)
                  000007b4    00000068     rtsv7M4_T_le_v4SPD16_eabi.lib : copy_decompress_lzss.c.obj (.text:decompress:lzss:__TI_decompress_lzss)
                  0000081c    00000050     App.obj (.text)
                  0000086c    00000044     rtsv7M4_T_le_v4SPD16_eabi.lib : autoinit.c.obj (.text:__TI_auto_init_nobinit_nopinit:__TI_auto_init_nobinit_nopinit)
                  000008b0    0000003e     Led.obj (.text)
                  000008ee    00000002     --HOLE-- [fill = 0]
                  000008f0    00000034     rtsv7M4_T_le_v4SPD16_eabi.lib : boot_cortex_m.c.obj (.text:_c_int00_noargs:_c_int00_noargs)
                  00000924    00000020     Mcu.obj (.text)
                  00000944    00000016     Det.obj (.text)
                  0000095a    0000000e     rtsv7M4_T_le_v4SPD16_eabi.lib : copy_decompress_none.c.obj (.text:decompress:none:__TI_decompress_none)
                  00000968    0000000c     tm4c123gh6pm_startup_ccs.obj (.text)
                  00000974    0000000a     main.obj (.text)
                  0000097e    00000004     rtsv7M4_T_le_v4SPD16_eabi.lib : pre_init.c.obj (.text:_system_pre_init)
                  00000982    00000004                                   : exit.c.obj (.text:abort:abort)

.const     0    00000986    00000004     
                  00000986    00000004     Dio_PBcfg.obj (.const:Dio_Configuration)

.cinit     0    00000990    00000020     
                  00000990    0000000e     (.cinit..data.load) [load image, compression = lzss]
                  0000099e    00000002     --HOLE-- [fill = 0]
                  000009a0    00000008     (__TI_handler_table)
                  000009a8    00000008     (__TI_cinit_table)

.init_array 
*          0    00000000    00000000     UNINITIALIZED

.data      0    20000200    00000010     UNINITIALIZED
                  20000200    00000005     Dio.obj (.data)
                  20000205    00000003     Button.obj (.data)
                  20000208    00000004     Gpt.obj (.data)
                  2000020c    00000002     App.obj (.data)
                  2000020e    00000002     Os.obj (.data)

.stack     0    20000000    00000200     UNINITIALIZED
                  20000000    00000004     rtsv7M4_T_le_v4SPD16_eabi.lib : boot_cortex_m.c.obj (.stack)
                  20000004    000001fc     --HOLE--

__llvm_prf_cnts 
*          0    20000000    00000000     UNINITIALIZED

MODULE SUMMARY

       Module                         code   ro data   rw data
       ------                         ----   -------   -------
    .\
       Dio.obj                        780    0         5      
       tm4c123gh6pm_startup_ccs.obj   12     620       0      
       Os.obj                         168    0         2      
       Gpt.obj                        124    0         4      
       Button.obj                     124    0         3      
       App.obj                        80     0         2      
       Led.obj                        62     0         0      
       Mcu.obj                        32     0         0      
       Det.obj                        22     0         0      
       main.obj                       10     0         0      
       Dio_PBcfg.obj                  0      4         0      
    +--+------------------------------+------+---------+---------+
       Total:                         1414   624       16     
                                                              
    C:\ti\ccs1250\ccs\tools\compiler\ti-cgt-arm_20.2.7.LTS\lib\rtsv7M4_T_le_v4SPD16_eabi.lib
       memcpy_t2.asm.obj              156    0         0      
       copy_decompress_lzss.c.obj     104    0         0      
       autoinit.c.obj                 68     0         0      
       boot_cortex_m.c.obj            52     0         0      
       copy_decompress_none.c.obj     14     0         0      
       exit.c.obj                     4      0         0      
       pre_init.c.obj                 4      0         0      
    +--+------------------------------+------+---------+---------+
       Total:                         402    0         0      
                                                              
       Stack:                         0      0         512    
       Linker Generated:              0      30        0      
    +--+------------------------------+------+---------+---------+
       Grand Total:                   1816   654       528    


LINKER GENERATED COPY TABLES

__TI_cinit_table @ 000009a8 records: 1, size/record: 8, table size: 8
	.data: load addr=00000990, load size=0000000e bytes, run addr=20000200, run size=00000010 bytes, compression=lzss


LINKER GENERATED HANDLER TABLE

__TI_handler_table @ 000009a0 records: 2, size/record: 4, table size: 8
	index: 0, handler: __TI_decompress_lzss
	index: 1, handler: __TI_decompress_none


GLOBAL SYMBOLS: SORTED ALPHABETICALLY BY Name 

address   name                          
-------   ----                          
0000083b  App_Task                      
000006bd  Button_GetState               
000006c3  Button_RefreshState           
0000082b  Button_Task                   
00000983  C$$EXIT                       
00000945  Det_ReportError               
00000986  Dio_Configuration             
0000044b  Dio_FlipChannel               
0000026d  Dio_Init                      
00000371  Dio_ReadChannel               
00000291  Dio_WriteChannel              
0000081d  Init_Task                     
000008c9  Led_RefreshOutput             
000008bd  Led_SetOff                    
000008b1  Led_SetOn                     
00000833  Led_Task                      
000008e1  Led_Toggle                    
00000925  Mcu_Init                      
00000593  Os_NewTimerTick               
000005a3  Os_Scheduler                  
00000579  Os_start                      
00000969  ResetISR                      
00000739  SysTick_Handler               
00000791  SysTick_SetCallBack           
00000749  SysTick_Start                 
00000789  SysTick_Stop                  
20000200  __STACK_END                   
00000200  __STACK_SIZE                  
20000200  __STACK_TOP                   
000009a8  __TI_CINIT_Base               
000009b0  __TI_CINIT_Limit              
000009a0  __TI_Handler_Table_Base       
000009a8  __TI_Handler_Table_Limit      
0000086d  __TI_auto_init_nobinit_nopinit
000007b5  __TI_decompress_lzss          
0000095b  __TI_decompress_none          
ffffffff  __TI_pprof_out_hndl           
ffffffff  __TI_prof_data_size           
ffffffff  __TI_prof_data_start          
00000000  __TI_static_base__            
00000621  __aeabi_memcpy                
00000621  __aeabi_memcpy4               
00000621  __aeabi_memcpy8               
ffffffff  __binit__                     
ffffffff  __c_args__                    
UNDEFED   __mpu_init                    
20000000  __stack                       
20000000  __start___llvm_prf_cnts       
20000000  __stop___llvm_prf_cnts        
000008f1  _c_int00_noargs               
UNDEFED   _system_post_cinit            
0000097f  _system_pre_init              
00000983  abort                         
ffffffff  binit                         
00000000  g_pfnVectors                  
00000975  main                          
00000621  memcpy                        


GLOBAL SYMBOLS: SORTED BY Symbol Address 

address   name                          
-------   ----                          
00000000  __TI_static_base__            
00000000  g_pfnVectors                  
00000200  __STACK_SIZE                  
0000026d  Dio_Init                      
00000291  Dio_WriteChannel              
00000371  Dio_ReadChannel               
0000044b  Dio_FlipChannel               
00000579  Os_start                      
00000593  Os_NewTimerTick               
000005a3  Os_Scheduler                  
00000621  __aeabi_memcpy                
00000621  __aeabi_memcpy4               
00000621  __aeabi_memcpy8               
00000621  memcpy                        
000006bd  Button_GetState               
000006c3  Button_RefreshState           
00000739  SysTick_Handler               
00000749  SysTick_Start                 
00000789  SysTick_Stop                  
00000791  SysTick_SetCallBack           
000007b5  __TI_decompress_lzss          
0000081d  Init_Task                     
0000082b  Button_Task                   
00000833  Led_Task                      
0000083b  App_Task                      
0000086d  __TI_auto_init_nobinit_nopinit
000008b1  Led_SetOn                     
000008bd  Led_SetOff                    
000008c9  Led_RefreshOutput             
000008e1  Led_Toggle                    
000008f1  _c_int00_noargs               
00000925  Mcu_Init                      
00000945  Det_ReportError               
0000095b  __TI_decompress_none          
00000969  ResetISR                      
00000975  main                          
0000097f  _system_pre_init              
00000983  C$$EXIT                       
00000983  abort                         
00000986  Dio_Configuration             
000009a0  __TI_Handler_Table_Base       
000009a8  __TI_CINIT_Base               
000009a8  __TI_Handler_Table_Limit      
000009b0  __TI_CINIT_Limit              
20000000  __stack                       
20000000  __start___llvm_prf_cnts       
20000000  __stop___llvm_prf_cnts        
20000200  __STACK_END                   
20000200  __STACK_TOP                   
ffffffff  __TI_pprof_out_hndl           
ffffffff  __TI_prof_data_size           
ffffffff  __TI_prof_data_start          
ffffffff  __binit__                     
ffffffff  __c_args__                    
ffffffff  binit                         
UNDEFED   __mpu_init                    
UNDEFED   _system_post_cinit            

[57 symbols]
